// Jest Snapshot v1, https://goo.gl/fbAQLP

exports[`SearchPage debe de mostrarse correctamente 1`] = `
<div>
  <h1>
    Search Page
  </h1>
  <hr />
  <div
    class="row"
  >
    <div
      class="col-5"
    >
      <h4>
        Search Form
      </h4>
      <hr />
      <form>
        <input
          class="form-control"
          name="search"
          placeholder="Find your hero"
          type="text"
          value=""
        />
        <button
          class="btn m-1 mt-3 btn-block btn-outline-primary"
          type="submit"
        >
          Search...
        </button>
      </form>
    </div>
    <div
      class="col-7"
    >
      <h4>
        Results
      </h4>
      <hr />
      <div
        aria-label="alerta-info"
        class="alert alert-info animate__animated animate__fadeIn"
      >
        Search a hero
      </div>
      <div
        aria-label="alerta-danger"
        class="alert alert-danger animate__animated animate__fadeIn"
        style="display: none;"
      >
        Heroe 
         no encontrado
      </div>
    </div>
  </div>
</div>
`;
